........................................................................ [  5%]
........................................................................ [ 10%]
........................................................................ [ 16%]
........................................................................ [ 21%]
........................................................................ [ 26%]
........................................................................ [ 32%]
........................................................................ [ 37%]
........................................................................ [ 43%]
........................................................................ [ 48%]
..s..........s.......................................................... [ 53%]
........................................................................ [ 59%]
........................................................................ [ 64%]
........................................................................ [ 70%]
........................................................................ [ 75%]
........................................................................ [ 80%]
........................................................................ [ 86%]
........................................................................ [ 91%]
........................................................................ [ 97%]
.......................................                                  [100%]
1333 passed, 2 skipped, 1 deselected in 146.70s (0:02:26)

