........................................................................ [  5%]
........................................................................ [ 10%]
........................................................................ [ 16%]
........................................................................ [ 21%]
........................................................................ [ 27%]
........................................................................ [ 32%]
........................................................................ [ 38%]
........................................................................ [ 43%]
........................................................................ [ 49%]
..s..........s.......................................................... [ 54%]
........................................................................ [ 60%]
........................................................................ [ 65%]
....................................F................................... [ 71%]
........................................................................ [ 76%]
........................................................................ [ 82%]
........................................................................ [ 87%]
........................................................................ [ 93%]
........................................................................ [ 98%]
................                                                         [100%]
================================== FAILURES ===================================
_____________________________ test_promoted_exact _____________________________

    def test_promoted_exact():
>       assert validate()['status'] == 'PASS'
E       AssertionError: assert 'FAIL' == 'PASS'
E         
E         - PASS
E         + FAIL

tests\v4_10\test_promotion.py:6: AssertionError
=========================== short test summary info ===========================
FAILED tests/v4_10/test_promotion.py::test_promoted_exact - AssertionError: a...
1 failed, 1309 passed, 2 skipped, 1 deselected in 140.00s (0:02:20)

