........................................................................ [  5%]
........................................................................ [ 10%]
........................................................................ [ 15%]
........................................................................ [ 20%]
........................................................................ [ 25%]
........................................................................ [ 30%]
........................................................................ [ 35%]
........................................................................ [ 40%]
........................................................................ [ 45%]
..s..........s.......................................................... [ 50%]
........................................................................ [ 55%]
........................................................................ [ 60%]
........................................................................ [ 65%]
........................................................................ [ 70%]
........................................................................ [ 75%]
........................................................................ [ 81%]
........................................................................ [ 86%]
........................................................................ [ 91%]
........................................................................ [ 96%]
......................................................                   [100%]
1420 passed, 2 skipped, 1 deselected in 158.81s (0:02:38)

