........................................................................ [  5%]
........................................................................ [ 10%]
........................................................................ [ 15%]
........................................................................ [ 20%]
........................................................................ [ 26%]
........................................................................ [ 31%]
........................................................................ [ 36%]
........................................................................ [ 41%]
........................................................................ [ 47%]
..s..........s.......................................................... [ 52%]
........................................................................ [ 57%]
........................................................................ [ 62%]
........................................................................ [ 67%]
........................................................................ [ 73%]
........................................................................ [ 78%]
........................................................................ [ 83%]
........................................................................ [ 88%]
.............F.......................................................... [ 94%]
........................................................................ [ 99%]
.........                                                                [100%]
================================== FAILURES ===================================
__ test_complete_repository_has_no_hard_gated_symbols_or_unclassified_paths ___

    def test_complete_repository_has_no_hard_gated_symbols_or_unclassified_paths():
        result = run(ROOT)
>       assert result["status"] == "PASS", result["hard_gated_hits"]
E       AssertionError: [{'path': 'scripts/capture_a12_r2_empty_return_semantics.py', 'line': 12, 'value': 'sz.000972', 'kind': 'EXPLICIT_SECU...re_a12_r2_semantics_revision.py', 'line': 9, 'value': 'sz.000972', 'kind': 'EXPLICIT_SECURITY_OR_SYMBOL_LITERAL'}, ...]
E       assert 'FAIL' == 'PASS'
E         
E         - PASS
E         + FAIL

tests\governance\test_no_symbol_specific_runtime_logic.py:48: AssertionError
=========================== short test summary info ===========================
FAILED tests/governance/test_no_symbol_specific_runtime_logic.py::test_complete_repository_has_no_hard_gated_symbols_or_unclassified_paths
1 failed, 1374 passed, 2 skipped, 1 deselected in 157.53s (0:02:37)

