........................................................................ [  5%]
........................................................................ [ 11%]
........................................................................ [ 16%]
........................................................................ [ 22%]
........................................................................ [ 27%]
........................................................................ [ 33%]
........................................................................ [ 38%]
........................................................................ [ 44%]
........................................................................ [ 49%]
..s..........s.......................................................... [ 55%]
........................................................................ [ 60%]
........................................................................ [ 66%]
........................................................................ [ 71%]
........................................................................ [ 77%]
........................................................................ [ 83%]
........................................................................ [ 88%]
........................................................................ [ 94%]
........................................................................ [ 99%]
.....                                                                    [100%]
1299 passed, 2 skipped, 1 deselected in 141.49s (0:02:21)

