........................................................................ [  5%]
........................................................................ [ 10%]
........................................................................ [ 15%]
........................................................................ [ 20%]
........................................................................ [ 25%]
........................................................................ [ 30%]
........................................................................ [ 36%]
........................................................................ [ 41%]
........................................................................ [ 46%]
..s..........s.......................................................... [ 51%]
........................................................................ [ 56%]
........................................................................ [ 61%]
........................................................................ [ 67%]
........................................................................ [ 72%]
........................................................................ [ 77%]
........................................................................ [ 82%]
........................................................................ [ 87%]
........................................................................ [ 92%]
........................................................................ [ 97%]
.............................                                            [100%]
1395 passed, 2 skipped, 1 deselected in 260.96s (0:04:20)

