........................................................................ [  4%]
........................................................................ [  9%]
........................................................................ [ 14%]
........................................................................ [ 19%]
........................................................................ [ 24%]
........................................................................ [ 28%]
........................................................................ [ 33%]
........................................................................ [ 38%]
........................................................................ [ 43%]
..s..........s.......................................................... [ 48%]
........................................................................ [ 53%]
........................................................................ [ 57%]
........................................................................ [ 62%]
........................................................................ [ 67%]
........................................................................ [ 72%]
........................................................................ [ 77%]
........................................................................ [ 82%]
........................................................................ [ 86%]
........................................................................ [ 91%]
........................................................................ [ 96%]
...................................................                      [100%]
1489 passed, 2 skipped, 1 deselected in 186.63s (0:03:06)

