........................................................................ [  5%]
........................................................................ [ 10%]
........................................................................ [ 16%]
........................................................................ [ 21%]
........................................................................ [ 26%]
........................................................................ [ 32%]
........................................................................ [ 37%]
........................................................................ [ 43%]
........................................................................ [ 48%]
..s..........s.......................................................... [ 53%]
........................................................................ [ 59%]
........................................................................ [ 64%]
........................................................................ [ 69%]
........................................................................ [ 75%]
........................................................................ [ 80%]
........................................................................ [ 86%]
........................................................................ [ 91%]
........................................................................ [ 96%]
..........................................                               [100%]
1336 passed, 2 skipped, 1 deselected in 150.37s (0:02:30)

