.{"expected_block": true, "transaction_id": 1009, "sqlstate": "P0001", "exception": "FEP_CAS_CONFLICT\nCONTEXT:  PL/pgSQL function cas_deploy(text,text,text,bigint,text,text,sha256,jsonb) line 39 at RAISE"}
..{"expected_block": true, "transaction_id": 1012, "sqlstate": "P0001", "exception": "FEP_IDEMPOTENCY_CONFLICT\nCONTEXT:  PL/pgSQL function cas_deploy(text,text,text,bigint,text,text,sha256,jsonb) line 17 at RAISE"}
.{"expected_block": true, "transaction_id": 1013, "sqlstate": "P0001", "exception": "FEP_IDEMPOTENCY_CONFLICT\nCONTEXT:  PL/pgSQL function cas_deploy(text,text,text,bigint,text,text,sha256,jsonb) line 17 at RAISE"}
.{"expected_block": true, "transaction_id": 1014, "sqlstate": "P0001", "exception": "FEP_IDEMPOTENCY_CONFLICT\nCONTEXT:  PL/pgSQL function cas_deploy(text,text,text,bigint,text,text,sha256,jsonb) line 17 at RAISE"}
.{"expected_block": true, "transaction_id": 1015, "sqlstate": "P0001", "exception": "FEP_IDEMPOTENCY_CONFLICT\nCONTEXT:  PL/pgSQL function cas_deploy(text,text,text,bigint,text,text,sha256,jsonb) line 17 at RAISE"}
.{"expected_block": true, "transaction_id": 1016, "sqlstate": "P0001", "exception": "FEP_IDEMPOTENCY_CONFLICT\nCONTEXT:  PL/pgSQL function cas_deploy(text,text,text,bigint,text,text,sha256,jsonb) line 17 at RAISE"}
.{"expected_block": true, "transaction_id": 1017, "sqlstate": "P0001", "exception": "FEP_IDEMPOTENCY_CONFLICT\nCONTEXT:  PL/pgSQL function cas_deploy(text,text,text,bigint,text,text,sha256,jsonb) line 17 at RAISE"}
.{"expected_block": true, "transaction_id": 1018, "sqlstate": "P0001", "exception": "FEP_IDEMPOTENCY_CONFLICT\nCONTEXT:  PL/pgSQL function cas_deploy(text,text,text,bigint,text,text,sha256,jsonb) line 17 at RAISE"}
.{"expected_block": true, "transaction_id": 1019, "sqlstate": "P0001", "exception": "FEP_REQUIRED_CAS_PARAMETER_NULL\nCONTEXT:  PL/pgSQL function cas_deploy(text,text,text,bigint,text,text,sha256,jsonb) line 6 at RAISE"}
.{"expected_block": true, "transaction_id": 1020, "sqlstate": "P0001", "exception": "FEP_REQUIRED_CAS_PARAMETER_NULL\nCONTEXT:  PL/pgSQL function cas_deploy(text,text,text,bigint,text,text,sha256,jsonb) line 6 at RAISE"}
.{"expected_block": true, "transaction_id": 1021, "sqlstate": "P0001", "exception": "FEP_REQUIRED_CAS_PARAMETER_NULL\nCONTEXT:  PL/pgSQL function cas_deploy(text,text,text,bigint,text,text,sha256,jsonb) line 6 at RAISE"}
.{"expected_block": true, "transaction_id": 1022, "sqlstate": "P0001", "exception": "FEP_REQUIRED_CAS_PARAMETER_NULL\nCONTEXT:  PL/pgSQL function cas_deploy(text,text,text,bigint,text,text,sha256,jsonb) line 6 at RAISE"}
.{"expected_block": true, "transaction_id": 1023, "sqlstate": "P0001", "exception": "FEP_REQUIRED_CAS_PARAMETER_NULL\nCONTEXT:  PL/pgSQL function cas_deploy(text,text,text,bigint,text,text,sha256,jsonb) line 6 at RAISE"}
.{"expected_block": true, "transaction_id": 1024, "sqlstate": "P0001", "exception": "FEP_REQUIRED_CAS_PARAMETER_NULL\nCONTEXT:  PL/pgSQL function cas_deploy(text,text,text,bigint,text,text,sha256,jsonb) line 6 at RAISE"}
.{"expected_block": true, "transaction_id": 1025, "sqlstate": "P0001", "exception": "FEP_REQUIRED_CAS_PARAMETER_NULL\nCONTEXT:  PL/pgSQL function cas_deploy(text,text,text,bigint,text,text,sha256,jsonb) line 6 at RAISE"}
.{"expected_block": true, "transaction_id": 1026, "sqlstate": "P0001", "exception": "FEP_IDEMPOTENCY_CONFLICT\nCONTEXT:  PL/pgSQL function cas_deploy(text,text,text,bigint,text,text,sha256,jsonb) line 17 at RAISE"}
{"expected_block": true, "transaction_id": 1026, "sqlstate": "P0001", "exception": "FEP_CAS_CONFLICT\nCONTEXT:  PL/pgSQL function cas_deploy(text,text,text,bigint,text,text,sha256,jsonb) line 39 at RAISE"}
.{"expected_block": true, "transaction_id": 1028, "sqlstate": "P0001", "exception": "FEP_CAS_CONFLICT\nCONTEXT:  PL/pgSQL function cas_deploy(text,text,text,bigint,text,text,sha256,jsonb) line 39 at RAISE"}
.{"expected_block": true, "transaction_id": 1030, "sqlstate": "P0001", "exception": "FEP_HEAD_ACTIVATION_INVALID\nCONTEXT:  PL/pgSQL function validate_deployment_head() line 6 at RAISE"}
.{"expected_block": true, "transaction_id": 1031, "sqlstate": "42501", "exception": "permission denied for function cas_deploy"}
.{"expected_block": true, "transaction_id": 1032, "sqlstate": "42501", "exception": "permission denied for table deployment_heads"}
{"expected_block": true, "transaction_id": 1032, "sqlstate": "42501", "exception": "permission denied for table deployment_heads"}
{"expected_block": true, "transaction_id": 1032, "sqlstate": "42501", "exception": "permission denied for table contracts"}
{"expected_block": true, "transaction_id": 1032, "sqlstate": "42501", "exception": "must be owner of table deployment_heads"}
{"expected_block": true, "transaction_id": 1032, "sqlstate": "42501", "exception": "permission denied to set role \"fep_cas_owner\""}
....{"expected_block": true, "transaction_id": 1041, "sqlstate": "P0002", "exception": "query returned no rows\nCONTEXT:  PL/pgSQL function validate_observation() line 4 at SQL statement"}
.{"expected_block": true, "transaction_id": 1042, "sqlstate": "23503", "exception": "insert or update on table \"label_revisions\" violates foreign key constraint \"label_revisions_observation_id_scope_id_fkey\"\nDETAIL:  Key (observation_id, scope_id)=(o, OTHER) is not present in table \"observations\"."}
.{"expected_block": true, "transaction_id": 1044, "sqlstate": "23503", "exception": "insert or update on table \"dataset_rows\" violates foreign key constraint \"dataset_rows_snapshot_id_observation_id_fkey\"\nDETAIL:  Key (snapshot_id, observation_id)=(snap, other) is not present in table \"snapshots\"."}
.{"expected_block": true, "transaction_id": 1046, "sqlstate": "P0001", "exception": "FEP_SNAPSHOT_FEATURE_CONTRACT_MISMATCH\nCONTEXT:  PL/pgSQL function validate_snapshot() line 6 at RAISE"}
.{"expected_block": true, "transaction_id": 1047, "sqlstate": "23503", "exception": "insert or update on table \"dataset_fold_label_selection\" violates foreign key constraint \"dataset_fold_label_selection_observation_id_target_id_sele_fkey\"\nDETAIL:  Key (observation_id, target_id, selected_label_revision, selected_label_digest)=(o, ABS:T5, 1, d78ed9efa6ae77434392252f5e55039c106c229f28150fb5fbffbedbc40e15df) is not present in table \"label_revisions\"."}
.{"expected_block": true, "transaction_id": 1049, "sqlstate": "P0002", "exception": "query returned no rows\nCONTEXT:  PL/pgSQL function validate_dataset_row() line 6 at SQL statement"}
.{"expected_block": true, "transaction_id": 1050, "sqlstate": "P0001", "exception": "FEP_FOLD_REVISION_NOT_VISIBLE\nCONTEXT:  PL/pgSQL function validate_fold_label_selection() line 11 at RAISE"}
.{"expected_block": true, "transaction_id": 1051, "sqlstate": "P0001", "exception": "FEP_FOLD_LABEL_NOT_TRAINABLE\nCONTEXT:  PL/pgSQL function validate_fold_label_selection() line 14 at RAISE"}
.{"expected_block": true, "transaction_id": 1052, "sqlstate": "P0001", "exception": "FEP_FOLD_REVISION_NOT_VISIBLE\nCONTEXT:  PL/pgSQL function validate_fold_label_selection() line 11 at RAISE"}
.{"expected_block": true, "transaction_id": 1053, "sqlstate": "P0001", "exception": "FEP_FOLD_REVISION_NOT_VISIBLE\nCONTEXT:  PL/pgSQL function validate_fold_label_selection() line 11 at RAISE"}
..{"expected_block": true, "transaction_id": 1055, "sqlstate": "P0001", "exception": "FEP_RECONSTRUCTION_NOT_PIT\nCONTEXT:  PL/pgSQL function validate_observation_revision() line 12 at RAISE"}
..{"expected_block": true, "transaction_id": 1057, "sqlstate": "P0001", "exception": "FEP_DENOMINATOR_INCOMPLETE\nCONTEXT:  PL/pgSQL function validate_denominator_complete() line 11 at RAISE"}
..{"expected_block": true, "transaction_id": 1059, "sqlstate": "P0001", "exception": "FEP_FOLD_PHASE_OVERLAP\nCONTEXT:  PL/pgSQL function validate_dataset_row() line 15 at RAISE"}
.{"expected_block": true, "transaction_id": 1060, "sqlstate": "P0001", "exception": "FEP_FOLD_PHASE_OVERLAP\nCONTEXT:  PL/pgSQL function validate_dataset_row() line 15 at RAISE"}
.{"expected_block": true, "transaction_id": 1061, "sqlstate": "P0001", "exception": "FEP_FOLD_PHASE_OVERLAP\nCONTEXT:  PL/pgSQL function validate_dataset_row() line 15 at RAISE"}
..{"expected_block": true, "transaction_id": 1063, "sqlstate": "P0001", "exception": "FEP_APPEND_ONLY\nCONTEXT:  PL/pgSQL function reject_mutation() line 2 at RAISE"}
.{"expected_block": true, "transaction_id": 1065, "sqlstate": "P0001", "exception": "FEP_APPEND_ONLY\nCONTEXT:  PL/pgSQL function reject_mutation() line 2 at RAISE"}
.{"expected_block": true, "transaction_id": 1067, "sqlstate": null, "exception": "FEP_UNGUARDED_TABLE_INVENTORY"}
.{"expected_block": true, "transaction_id": 1069, "sqlstate": "P0001", "exception": "FEP_LABEL_EXACT_SOURCE_MISMATCH\nCONTEXT:  PL/pgSQL function validate_label_revision() line 14 at RAISE"}
.{"expected_block": true, "transaction_id": 1070, "sqlstate": "P0001", "exception": "FEP_UPSTREAM_EXACT_AUTHORITY_REQUIRED\nCONTEXT:  PL/pgSQL function validate_label_binding() line 12 at RAISE"}
.{"expected_block": true, "transaction_id": 1071, "sqlstate": "23505", "exception": "duplicate key value violates unique constraint \"prediction_slots_observation_id_target_id_horizon_model_fam_key\"\nDETAIL:  Key (observation_id, target_id, horizon, model_family_scope)=(o, ABS:T5, 5, CORE) already exists."}
..s......{"expected_block": true, "transaction_id": 1074, "sqlstate": "42704", "exception": "type \"nonexistent_type\" does not exist\nLINE 1: create table fep.rollback_probe (id nonexistent_type)\n                                            ^"}
..{"expected_block": true, "transaction_id": 1075, "sqlstate": "P0001", "exception": "FEP_DENOMINATOR_INCOMPLETE\nCONTEXT:  PL/pgSQL function validate_denominator_complete() line 11 at RAISE"}
.
60 passed, 1 skipped in 3.17s
