...........................................................FFFFFFFFF.... [ 52%]
..................................................................       [100%]
================================== FAILURES ===================================
__________________________ test_future_reachability ___________________________
tests\test_r24r1_authority.py:70: in test_future_reachability
    def test_future_reachability():positive()
                                   ^^^^^^^^^^
tests\test_r24r1_authority.py:67: in positive
    return dict(context=x,oracle=inspect(ROOT/x['database'],x['manifest']),old_calendar_rejects_target=True,
                                 ^^^^^^^^^^^^^^^^^^^^^^^^^^^^^^^^^^^^^^^^^
scripts\validate_r24r1_activation.py:175: in inspect
    evidence_origin='ACTIVATION_SIMULATION',evidence_class='NOT_REAL_EVIDENCE',protected=protected(root))
                                                                                         ^^^^^^^^^^^^^^^
E   TypeError: protected() got multiple values for argument 'root'
______________________ test_independent_corruption[C01] _______________________
tests\test_r24r1_authority.py:94: in test_independent_corruption
    def test_independent_corruption(case,tmp_path):corruption(case,tmp_path)
                                                   ^^^^^^^^^^^^^^^^^^^^^^^^^
tests\test_r24r1_authority.py:73: in corruption
    x=positive()['context']; target=tmp_path/(case+'.sqlite'); shutil.copyfile(ROOT/x['database'],target)
      ^^^^^^^^^^
tests\test_r24r1_authority.py:67: in positive
    return dict(context=x,oracle=inspect(ROOT/x['database'],x['manifest']),old_calendar_rejects_target=True,
                                 ^^^^^^^^^^^^^^^^^^^^^^^^^^^^^^^^^^^^^^^^^
scripts\validate_r24r1_activation.py:175: in inspect
    evidence_origin='ACTIVATION_SIMULATION',evidence_class='NOT_REAL_EVIDENCE',protected=protected(root))
                                                                                         ^^^^^^^^^^^^^^^
E   TypeError: protected() got multiple values for argument 'root'
______________________ test_independent_corruption[C02] _______________________
tests\test_r24r1_authority.py:94: in test_independent_corruption
    def test_independent_corruption(case,tmp_path):corruption(case,tmp_path)
                                                   ^^^^^^^^^^^^^^^^^^^^^^^^^
tests\test_r24r1_authority.py:73: in corruption
    x=positive()['context']; target=tmp_path/(case+'.sqlite'); shutil.copyfile(ROOT/x['database'],target)
      ^^^^^^^^^^
tests\test_r24r1_authority.py:67: in positive
    return dict(context=x,oracle=inspect(ROOT/x['database'],x['manifest']),old_calendar_rejects_target=True,
                                 ^^^^^^^^^^^^^^^^^^^^^^^^^^^^^^^^^^^^^^^^^
scripts\validate_r24r1_activation.py:175: in inspect
    evidence_origin='ACTIVATION_SIMULATION',evidence_class='NOT_REAL_EVIDENCE',protected=protected(root))
                                                                                         ^^^^^^^^^^^^^^^
E   TypeError: protected() got multiple values for argument 'root'
______________________ test_independent_corruption[C03] _______________________
tests\test_r24r1_authority.py:94: in test_independent_corruption
    def test_independent_corruption(case,tmp_path):corruption(case,tmp_path)
                                                   ^^^^^^^^^^^^^^^^^^^^^^^^^
tests\test_r24r1_authority.py:73: in corruption
    x=positive()['context']; target=tmp_path/(case+'.sqlite'); shutil.copyfile(ROOT/x['database'],target)
      ^^^^^^^^^^
tests\test_r24r1_authority.py:67: in positive
    return dict(context=x,oracle=inspect(ROOT/x['database'],x['manifest']),old_calendar_rejects_target=True,
                                 ^^^^^^^^^^^^^^^^^^^^^^^^^^^^^^^^^^^^^^^^^
scripts\validate_r24r1_activation.py:175: in inspect
    evidence_origin='ACTIVATION_SIMULATION',evidence_class='NOT_REAL_EVIDENCE',protected=protected(root))
                                                                                         ^^^^^^^^^^^^^^^
E   TypeError: protected() got multiple values for argument 'root'
______________________ test_independent_corruption[C04] _______________________
tests\test_r24r1_authority.py:94: in test_independent_corruption
    def test_independent_corruption(case,tmp_path):corruption(case,tmp_path)
                                                   ^^^^^^^^^^^^^^^^^^^^^^^^^
tests\test_r24r1_authority.py:73: in corruption
    x=positive()['context']; target=tmp_path/(case+'.sqlite'); shutil.copyfile(ROOT/x['database'],target)
      ^^^^^^^^^^
tests\test_r24r1_authority.py:67: in positive
    return dict(context=x,oracle=inspect(ROOT/x['database'],x['manifest']),old_calendar_rejects_target=True,
                                 ^^^^^^^^^^^^^^^^^^^^^^^^^^^^^^^^^^^^^^^^^
scripts\validate_r24r1_activation.py:175: in inspect
    evidence_origin='ACTIVATION_SIMULATION',evidence_class='NOT_REAL_EVIDENCE',protected=protected(root))
                                                                                         ^^^^^^^^^^^^^^^
E   TypeError: protected() got multiple values for argument 'root'
______________________ test_independent_corruption[S01] _______________________
tests\test_r24r1_authority.py:94: in test_independent_corruption
    def test_independent_corruption(case,tmp_path):corruption(case,tmp_path)
                                                   ^^^^^^^^^^^^^^^^^^^^^^^^^
tests\test_r24r1_authority.py:73: in corruption
    x=positive()['context']; target=tmp_path/(case+'.sqlite'); shutil.copyfile(ROOT/x['database'],target)
      ^^^^^^^^^^
tests\test_r24r1_authority.py:67: in positive
    return dict(context=x,oracle=inspect(ROOT/x['database'],x['manifest']),old_calendar_rejects_target=True,
                                 ^^^^^^^^^^^^^^^^^^^^^^^^^^^^^^^^^^^^^^^^^
scripts\validate_r24r1_activation.py:175: in inspect
    evidence_origin='ACTIVATION_SIMULATION',evidence_class='NOT_REAL_EVIDENCE',protected=protected(root))
                                                                                         ^^^^^^^^^^^^^^^
E   TypeError: protected() got multiple values for argument 'root'
______________________ test_independent_corruption[S02] _______________________
tests\test_r24r1_authority.py:94: in test_independent_corruption
    def test_independent_corruption(case,tmp_path):corruption(case,tmp_path)
                                                   ^^^^^^^^^^^^^^^^^^^^^^^^^
tests\test_r24r1_authority.py:73: in corruption
    x=positive()['context']; target=tmp_path/(case+'.sqlite'); shutil.copyfile(ROOT/x['database'],target)
      ^^^^^^^^^^
tests\test_r24r1_authority.py:67: in positive
    return dict(context=x,oracle=inspect(ROOT/x['database'],x['manifest']),old_calendar_rejects_target=True,
                                 ^^^^^^^^^^^^^^^^^^^^^^^^^^^^^^^^^^^^^^^^^
scripts\validate_r24r1_activation.py:175: in inspect
    evidence_origin='ACTIVATION_SIMULATION',evidence_class='NOT_REAL_EVIDENCE',protected=protected(root))
                                                                                         ^^^^^^^^^^^^^^^
E   TypeError: protected() got multiple values for argument 'root'
______________________ test_independent_corruption[S03] _______________________
tests\test_r24r1_authority.py:94: in test_independent_corruption
    def test_independent_corruption(case,tmp_path):corruption(case,tmp_path)
                                                   ^^^^^^^^^^^^^^^^^^^^^^^^^
tests\test_r24r1_authority.py:73: in corruption
    x=positive()['context']; target=tmp_path/(case+'.sqlite'); shutil.copyfile(ROOT/x['database'],target)
      ^^^^^^^^^^
tests\test_r24r1_authority.py:67: in positive
    return dict(context=x,oracle=inspect(ROOT/x['database'],x['manifest']),old_calendar_rejects_target=True,
                                 ^^^^^^^^^^^^^^^^^^^^^^^^^^^^^^^^^^^^^^^^^
scripts\validate_r24r1_activation.py:175: in inspect
    evidence_origin='ACTIVATION_SIMULATION',evidence_class='NOT_REAL_EVIDENCE',protected=protected(root))
                                                                                         ^^^^^^^^^^^^^^^
E   TypeError: protected() got multiple values for argument 'root'
______________________ test_independent_corruption[S04] _______________________
tests\test_r24r1_authority.py:94: in test_independent_corruption
    def test_independent_corruption(case,tmp_path):corruption(case,tmp_path)
                                                   ^^^^^^^^^^^^^^^^^^^^^^^^^
tests\test_r24r1_authority.py:73: in corruption
    x=positive()['context']; target=tmp_path/(case+'.sqlite'); shutil.copyfile(ROOT/x['database'],target)
      ^^^^^^^^^^
tests\test_r24r1_authority.py:67: in positive
    return dict(context=x,oracle=inspect(ROOT/x['database'],x['manifest']),old_calendar_rejects_target=True,
                                 ^^^^^^^^^^^^^^^^^^^^^^^^^^^^^^^^^^^^^^^^^
scripts\validate_r24r1_activation.py:175: in inspect
    evidence_origin='ACTIVATION_SIMULATION',evidence_class='NOT_REAL_EVIDENCE',protected=protected(root))
                                                                                         ^^^^^^^^^^^^^^^
E   TypeError: protected() got multiple values for argument 'root'
=========================== short test summary info ===========================
FAILED tests/test_r24r1_authority.py::test_future_reachability - TypeError: p...
FAILED tests/test_r24r1_authority.py::test_independent_corruption[C01] - Type...
FAILED tests/test_r24r1_authority.py::test_independent_corruption[C02] - Type...
FAILED tests/test_r24r1_authority.py::test_independent_corruption[C03] - Type...
FAILED tests/test_r24r1_authority.py::test_independent_corruption[C04] - Type...
FAILED tests/test_r24r1_authority.py::test_independent_corruption[S01] - Type...
FAILED tests/test_r24r1_authority.py::test_independent_corruption[S02] - Type...
FAILED tests/test_r24r1_authority.py::test_independent_corruption[S03] - Type...
FAILED tests/test_r24r1_authority.py::test_independent_corruption[S04] - Type...
9 failed, 129 passed in 308.39s (0:05:08)
