.................................................................s...... [  1%]
........................................................................ [  2%]
........................................................................ [  3%]
........................................................................ [  4%]
........................................................................ [  5%]
........................................................................ [  7%]
........................................................................ [  8%]
........................................................................ [  9%]
........................................................................ [ 10%]
........................................................................ [ 11%]
..........................FFF...F.........F.F.F...........F..FF......... [ 12%]
.F...F..F.........F..F...F...........FF.FF..FF...FF...FFFFFF........F... [ 14%]
.F....F.....................F.................................F...FF.... [ 15%]
........................................................................ [ 16%]
........................................................................ [ 17%]
........................................................................ [ 18%]
........................................................................ [ 19%]
........................................................................ [ 21%]
........................................................................ [ 22%]
........................................................................ [ 23%]
........................................................................ [ 24%]
........................................................................ [ 25%]
........................................................................ [ 26%]
........................................................................ [ 28%]
........................................................................ [ 29%]
........................................................................ [ 30%]
........................................................................ [ 31%]
........................................................................ [ 32%]
........................................................................ [ 33%]
........................................................................ [ 35%]
........................................................................ [ 36%]
........................................................................ [ 37%]
........................................................................ [ 38%]
........................................................................ [ 39%]
........................................................................ [ 41%]
........................................................................ [ 42%]
........................................................................ [ 43%]
........................................................................ [ 44%]
........................................................................ [ 45%]
........................................................................ [ 46%]
........................................................................ [ 48%]
........................................................................ [ 49%]
........................................................................ [ 50%]
........................................................................ [ 51%]
........................................................................ [ 52%]
........................................................................ [ 53%]
........................................................................ [ 55%]
...........................F............................................ [ 56%]
........................................................................ [ 57%]
........................................................................ [ 58%]
........................................................................ [ 59%]
........................................................................ [ 60%]
........................................................................ [ 62%]
........................................................................ [ 63%]
........................................................................ [ 64%]
...............................................................F........ [ 65%]
........................................................................ [ 66%]
........................................................................ [ 67%]
........................................................................ [ 69%]
........................................................................ [ 70%]
........................................................................ [ 71%]
........................................................................ [ 72%]
........................................................................ [ 73%]
........................................................................ [ 75%]
........................................................................ [ 76%]
........................................................................ [ 77%]
...........................................EEEEEEEEEEEEEEEEEEEEEEEEEEEEE [ 78%]
EEEEEEEEEEEEEEEEEEEEEEEEEEEEEEEEEEEEEEEE...............EEEEEEEE.EE...... [ 79%]
........................................................................ [ 80%]
....................E..E................................
