........................................................................ [  3%]
........................................................................ [  7%]
........................................................................ [ 10%]
........................................................................ [ 14%]
........................................................................ [ 17%]
........................................................................ [ 21%]
........................................................................ [ 24%]
........................................................................ [ 28%]
........................................................................ [ 31%]
..s..........s.......................................................... [ 35%]
........................................................................ [ 38%]
........................................................................ [ 42%]
........................................................................ [ 45%]
........................................................................ [ 49%]
........................................................................ [ 52%]
........................................................................ [ 56%]
........................................................................ [ 59%]
........................................................................ [ 63%]
........................................................................ [ 66%]
........................................................................ [ 70%]
........................................................................ [ 73%]
........................................................................ [ 77%]
........................................................................ [ 80%]
........................................................................ [ 84%]
........................................................................ [ 88%]
........................................................................ [ 91%]
........................................................................ [ 95%]
........................................................................ [ 98%]
.............................                                            [100%]
2043 passed, 2 skipped, 1 deselected in 372.56s (0:06:12)

